[mitlaunch.com/index.html]
[backblue.gif]
[fade.gif]
[index.html]
[code.jquery.com/jquery.min.js]
[mitlaunch.com/assets/favicons/manifest.json]
[mitlaunch.com/assets/favicon.ico]
[d5nxst8fruw4z.cloudfront.net/atrk1692.gif]
[d31qbv1cthcecs.cloudfront.net/atrk.js]
[mitlaunch.com/index.html]
[mitlaunch.com/assets/favicons/apple-icon-57x57.png]
[mitlaunch.com/assets/favicons/apple-icon-60x60.png]
[mitlaunch.com/assets/favicons/apple-icon-72x72.png]
[mitlaunch.com/assets/favicons/apple-icon-76x76.png]
[mitlaunch.com/assets/favicons/apple-icon-114x114.png]
[mitlaunch.com/assets/favicons/apple-icon-144x144.png]
[mitlaunch.com/assets/favicons/apple-icon-120x120.png]
[mitlaunch.com/assets/favicons/apple-icon-180x180.png]
[mitlaunch.com/assets/favicons/apple-icon-152x152.png]
[mitlaunch.com/assets/favicons/android-icon-192x192.png]
[mitlaunch.com/assets/favicons/favicon-32x32.png]
[mitlaunch.com/assets/favicons/favicon-96x96.png]
[mitlaunch.com/assets/favicons/favicon-16x16.png]
[mitlaunch.com/assets/js/retina.min.js]
[mitlaunch.com/assets/favicons/manifest.html]
[mitlaunch.com/assets/css/bootstrap.min.css]
[mitlaunch.com/assets/logo-nav@2x.png]
[mitlaunch.com/program.html]
[mitlaunch.com/assets/bg-header-v.png]
[mitlaunch.com/clubs/index.html]
[mitlaunch.com/about.html]
[mitlaunch.com/assets/launch-logo.png]
[mitlaunch.com/assets/mit-launch.png]
[maxcdn.bootstrapcdn.com/font-awesome/4.4.0/css/font-awesome.min.css]
[mitlaunch.com/assets/css/owl.carousel.css]
[mitlaunch.com/assets/js/jquery.easing.min.js]
[mitlaunch.com/assets/js/classie.js]
[mitlaunch.com/assets/js/cbpAnimatedHeader.js]
[mitlaunch.com/assets/js/owl.carousel.js]
[mitlaunch.com/assets/css/owl.theme.css]
[mitlaunch.com/assets/css/owl.transitions.css]
[mitlaunch.com/assets/js/jquery.fs.wallpaper.js]
[mitlaunch.com/assets/js/jqBootstrapValidation.js]
[mitlaunch.com/assets/js/vitality.js]
[mitlaunch.com/assets/css/magnific-popup.css]
[mitlaunch.com/assets/js/jquery.particleground.js]
[mitlaunch.com/assets/css/jquery.fs.wallpaper.css]
[mitlaunch.com/assets/js/starfield.js]
[mitlaunch.com/assets/css/timeline.css]
[mitlaunch.com/assets/css/vitality-orange-full.css]
[mitlaunch.com/assets/fonts/glyphicons-halflings-regular.html]
[mitlaunch.com/program.html]
[mitlaunch.com/clubs/index.html]
[mitlaunch.com/assets/fonts/glyphicons-halflings-regulard41d.html]
[mitlaunch.com/about.html]
[mitlaunch.com/assets/fonts/glyphicons-halflings-regular-3.html]
[mitlaunch.com/assets/launch-logo-s.png]
[mitlaunch.com/assets/js/jquery.magnific-popup/jquery.magnific-popup.min.html]
[mitlaunch.com/assets/js/timeline.html]
[mitlaunch.com/assets/landme4.png]
[mitlaunch.com/alumni.html]
[mitlaunch.com/assets/fonts/glyphicons-halflings-regular.html]
[mitlaunch.com/assets/bridge3.jpg]
[mitlaunch.com/assets/dropwise.png]
[mitlaunch.com/assets/safestart.png]
[mitlaunch.com/assets/fonts/glyphicons-halflings-regulard41d.html]
[mitlaunch.com/assets/fonts/glyphicons-halflings-regular-2.html]
[mitlaunch.com/assets/bulkr.png]
[mitlaunch.com/assets/cleo2.jpg]
[mitlaunch.com/assets/fonts/glyphicons-halflings-regular-3.html]
[mitlaunch.com/assets/fonts/glyphicons-halflings-regular-4.html]
[mitlaunch.com/assets/impact_no_text_shadow.jpg]
[mitlaunch.com/assets/aosfrutis.png]
[mitlaunch.com/assets/css/grabbing.html]
[mitlaunch.com/assets/css/AjaxLoader.html]
[mitlaunch.com/companies/index.html]
[mitlaunch.com/faq.html]
[mitlaunch.com/assets/OST.jpg]
[mitlaunch.com/assets/virtulab.jpg]
[mitlaunch.com/assets/elowrite.png]
[mitlaunch.com/assets/css/vitality-orange.css]
[mitlaunch.com/assets/inmymind.jpg]
[mitlaunch.com/alumni.html]
[mitlaunch.com/assets/literacyspree.jpg]
[mitlaunch.com/assets/sketchit.jpg]
[mitlaunch.com/companies/index.html]
[mitlaunch.com/faq.html]
[mitlaunch.com/assets/albatros.jpg]
[mitlaunch.com/assets/locafoods.jpg]
[mitlaunch.com/assets/dwiteboard.jpg]
[mitlaunch.com/assets/altas-golf.png]
[mitlaunch.com/assets/notespace.png]
[mitlaunch.com/assets/prnews.png]
[mitlaunch.com/assets/boston-globe.png]
[mitlaunch.com/assets/xconomy.png]
[mitlaunch.com/assets/under30ceo.png]
[mitlaunch.com/assets/bostinno.png]
[mitlaunch.com/assets/gp.jpg]
[mitlaunch.com/assets/reap.png]
[mitlaunch.com/assets/mit-logo.gif]
[mitlaunch.com/assets/gfsa.jpg]
[mitlaunch.com/assets/LaunchX.png]
[mitlaunch.com/assets/laurie.jpg]
[mitlaunch.com/assets/marvin.jpg]
[mitlaunch.com/assets/leah.jpg]
[mitlaunch.com/assets/annie3.jpg]
[mitlaunch.com/assets/sam-kessler2.jpg]
[mitlaunch.com/assets/TDD Headshot.jpg]
[mitlaunch.com/assets/billaulet.jpg]
[mitlaunch.com/assets/valentin.jpg]
[mitlaunch.com/assets/marty.jpg]
[mitlaunch.com/assets/petey.jpg]
[mitlaunch.com/assets/mit_dome.jpg]
[mitlaunch.com/assets/js/bootstrap.min.js]
[mitlaunch.com/assets/js/jquery-1.10.2.js]
[mitlaunch.com/assets/lauraPang.jpg]
[mitlaunch.com/assets/matias.jpg]
[mitlaunch.com/assets/divyaGoel.jpg]
[mitlaunch.com/assets/russell.png]
[mitlaunch.com/assets/michaelNock.jpg]
[mitlaunch.com/assets/melinda.jpg]
[mitlaunch.com/assets/josh-seides.jpg]
[mitlaunch.com/assets/onesti.jpg]
[mitlaunch.com/assets/kevinChen.jpg]
[mitlaunch.com/assets/meera.jpg]
[mitlaunch.com/assets/pallavi.jpg]
[mitlaunch.com/assets/vasi.png]
[mitlaunch.com/assets/anant.jpg]
[mitlaunch.com/assets/jasonScharff.jpg]
[mitlaunch.com/assets/ethanchiu.jpg]
[mitlaunch.com/assets/rebecca.jpg]
[mitlaunch.com/assets/kiara.jpg]
[mitlaunch.com/assets/ashwynk.jpg]
[mitlaunch.com/assets/elore.png]
[mitlaunch.com/assets/chargo2.png]
[mitlaunch.com/assets/magnet.png]
[mitlaunch.com/assets/Buzz.png]
[mitlaunch.com/assets/Speak.png]
[mitlaunch.com/assets/fluance.png]
[mitlaunch.com/assets/Hydrolyte.jpg]
[mitlaunch.com/assets/Vivere.png]
[mitlaunch.com/assets/radius.png]
[mitlaunch.com/assets/travalot.png]
[mitlaunch.com/assets/Swap.png]
[mitlaunch.com/assets/myx.png]
[mitlaunch.com/assets/BrightCapsule.png]
[mitlaunch.com/assets/Atria.png]
[mitlaunch.com/assets/unitiv2.png]
[mitlaunch.com/assets/Luminos Education.png]
[mitlaunch.com/assets/edibo2.png]
[mitlaunch.com/assets/VirtuScape.png]
[mitlaunch.com/assets/Lyfe Band 2.png]
[mitlaunch.com/assets/Wasteless.png]
[mitlaunch.com/assets/VivaFlow2.png]
[mitlaunch.com/assets/Clementine2.png]
[mitlaunch.com/assets/selfcheck.png]
[mitlaunch.com/assets/GlassKnit.png]
[mitlaunch.com/assets/Sensit.jpg]
[mitlaunch.com/assets/EKO.png]
[mitlaunch.com/assets/Ordyr.jpg]
[mitlaunch.com/assets/Caravel.png]
[mitlaunch.com/assets/insize.png]
[mitlaunch.com/assets/bites.png]
[mitlaunch.com/assets/purchasemate.png]
[mitlaunch.com/assets/aux_.png]
[mitlaunch.com/assets/codegenius.png]
[mitlaunch.com/assets/eithr2.png]
[mitlaunch.com/assets/team3.png]
[mitlaunch.com/assets/anymeal2.png]
[mitlaunch.com/assets/didomi2.png]
[mitlaunch.com/assets/nudge.png]
[mitlaunch.com/assets/bg-1_b.jpg]
[mitlaunch.com/assets/endline1.png]
